  Trwa okre┼Ťlanie projekt├│w do przywr├│cenia...
  Wszystkie projekty s─ů aktualne na potrzeby przywr├│cenia.
C:\Program Files\dotnet\sdk\10.0.103\Microsoft.Common.CurrentVersion.targets(5381,5): warning MSB3026: Nie mo┼╝na skopiowa─ç ÔÇ×C:\Users\skalm\C#Project\c#NewVer\Projekt_CSharp\lab09\obj\Debug\net10.0\apphost.exeÔÇŁ do ÔÇ×bin\Debug\net10.0\lab09.exeÔÇŁ. Ponowna pr├│ba 1 za 1000 ms. The process cannot access the file 'C:\Users\skalm\C#Project\c#NewVer\Projekt_CSharp\lab09\bin\Debug\net10.0\lab09.exe' because it is being used by another process. Plik jest zablokowany przez: ÔÇ×lab09 (154636)ÔÇŁ [C:\Users\skalm\C#Project\c#NewVer\Projekt_CSharp\lab09\lab09.csproj]
C:\Program Files\dotnet\sdk\10.0.103\Microsoft.Common.CurrentVersion.targets(5381,5): warning MSB3026: Nie mo┼╝na skopiowa─ç ÔÇ×C:\Users\skalm\C#Project\c#NewVer\Projekt_CSharp\lab09\obj\Debug\net10.0\apphost.exeÔÇŁ do ÔÇ×bin\Debug\net10.0\lab09.exeÔÇŁ. Ponowna pr├│ba 2 za 1000 ms. The process cannot access the file 'C:\Users\skalm\C#Project\c#NewVer\Projekt_CSharp\lab09\bin\Debug\net10.0\lab09.exe' because it is being used by another process. Plik jest zablokowany przez: ÔÇ×lab09 (154636)ÔÇŁ [C:\Users\skalm\C#Project\c#NewVer\Projekt_CSharp\lab09\lab09.csproj]
C:\Program Files\dotnet\sdk\10.0.103\Microsoft.Common.CurrentVersion.targets(5381,5): warning MSB3026: Nie mo┼╝na skopiowa─ç ÔÇ×C:\Users\skalm\C#Project\c#NewVer\Projekt_CSharp\lab09\obj\Debug\net10.0\apphost.exeÔÇŁ do ÔÇ×bin\Debug\net10.0\lab09.exeÔÇŁ. Ponowna pr├│ba 3 za 1000 ms. The process cannot access the file 'C:\Users\skalm\C#Project\c#NewVer\Projekt_CSharp\lab09\bin\Debug\net10.0\lab09.exe' because it is being used by another process. Plik jest zablokowany przez: ÔÇ×lab09 (154636)ÔÇŁ [C:\Users\skalm\C#Project\c#NewVer\Projekt_CSharp\lab09\lab09.csproj]
C:\Program Files\dotnet\sdk\10.0.103\Microsoft.Common.CurrentVersion.targets(5381,5): warning MSB3026: Nie mo┼╝na skopiowa─ç ÔÇ×C:\Users\skalm\C#Project\c#NewVer\Projekt_CSharp\lab09\obj\Debug\net10.0\apphost.exeÔÇŁ do ÔÇ×bin\Debug\net10.0\lab09.exeÔÇŁ. Ponowna pr├│ba 4 za 1000 ms. The process cannot access the file 'C:\Users\skalm\C#Project\c#NewVer\Projekt_CSharp\lab09\bin\Debug\net10.0\lab09.exe' because it is being used by another process. Plik jest zablokowany przez: ÔÇ×lab09 (154636)ÔÇŁ [C:\Users\skalm\C#Project\c#NewVer\Projekt_CSharp\lab09\lab09.csproj]
C:\Program Files\dotnet\sdk\10.0.103\Microsoft.Common.CurrentVersion.targets(5381,5): warning MSB3026: Nie mo┼╝na skopiowa─ç ÔÇ×C:\Users\skalm\C#Project\c#NewVer\Projekt_CSharp\lab09\obj\Debug\net10.0\apphost.exeÔÇŁ do ÔÇ×bin\Debug\net10.0\lab09.exeÔÇŁ. Ponowna pr├│ba 5 za 1000 ms. The process cannot access the file 'C:\Users\skalm\C#Project\c#NewVer\Projekt_CSharp\lab09\bin\Debug\net10.0\lab09.exe' because it is being used by another process. Plik jest zablokowany przez: ÔÇ×lab09 (154636)ÔÇŁ [C:\Users\skalm\C#Project\c#NewVer\Projekt_CSharp\lab09\lab09.csproj]
C:\Program Files\dotnet\sdk\10.0.103\Microsoft.Common.CurrentVersion.targets(5381,5): warning MSB3026: Nie mo┼╝na skopiowa─ç ÔÇ×C:\Users\skalm\C#Project\c#NewVer\Projekt_CSharp\lab09\obj\Debug\net10.0\apphost.exeÔÇŁ do ÔÇ×bin\Debug\net10.0\lab09.exeÔÇŁ. Ponowna pr├│ba 6 za 1000 ms. The process cannot access the file 'C:\Users\skalm\C#Project\c#NewVer\Projekt_CSharp\lab09\bin\Debug\net10.0\lab09.exe' because it is being used by another process. Plik jest zablokowany przez: ÔÇ×lab09 (154636)ÔÇŁ [C:\Users\skalm\C#Project\c#NewVer\Projekt_CSharp\lab09\lab09.csproj]
C:\Program Files\dotnet\sdk\10.0.103\Microsoft.Common.CurrentVersion.targets(5381,5): warning MSB3026: Nie mo┼╝na skopiowa─ç ÔÇ×C:\Users\skalm\C#Project\c#NewVer\Projekt_CSharp\lab09\obj\Debug\net10.0\apphost.exeÔÇŁ do ÔÇ×bin\Debug\net10.0\lab09.exeÔÇŁ. Ponowna pr├│ba 7 za 1000 ms. The process cannot access the file 'C:\Users\skalm\C#Project\c#NewVer\Projekt_CSharp\lab09\bin\Debug\net10.0\lab09.exe' because it is being used by another process. Plik jest zablokowany przez: ÔÇ×lab09 (154636)ÔÇŁ [C:\Users\skalm\C#Project\c#NewVer\Projekt_CSharp\lab09\lab09.csproj]
C:\Program Files\dotnet\sdk\10.0.103\Microsoft.Common.CurrentVersion.targets(5381,5): warning MSB3026: Nie mo┼╝na skopiowa─ç ÔÇ×C:\Users\skalm\C#Project\c#NewVer\Projekt_CSharp\lab09\obj\Debug\net10.0\apphost.exeÔÇŁ do ÔÇ×bin\Debug\net10.0\lab09.exeÔÇŁ. Ponowna pr├│ba 8 za 1000 ms. The process cannot access the file 'C:\Users\skalm\C#Project\c#NewVer\Projekt_CSharp\lab09\bin\Debug\net10.0\lab09.exe' because it is being used by another process. Plik jest zablokowany przez: ÔÇ×lab09 (154636)ÔÇŁ [C:\Users\skalm\C#Project\c#NewVer\Projekt_CSharp\lab09\lab09.csproj]
C:\Program Files\dotnet\sdk\10.0.103\Microsoft.Common.CurrentVersion.targets(5381,5): warning MSB3026: Nie mo┼╝na skopiowa─ç ÔÇ×C:\Users\skalm\C#Project\c#NewVer\Projekt_CSharp\lab09\obj\Debug\net10.0\apphost.exeÔÇŁ do ÔÇ×bin\Debug\net10.0\lab09.exeÔÇŁ. Ponowna pr├│ba 9 za 1000 ms. The process cannot access the file 'C:\Users\skalm\C#Project\c#NewVer\Projekt_CSharp\lab09\bin\Debug\net10.0\lab09.exe' because it is being used by another process. Plik jest zablokowany przez: ÔÇ×lab09 (154636)ÔÇŁ [C:\Users\skalm\C#Project\c#NewVer\Projekt_CSharp\lab09\lab09.csproj]
C:\Program Files\dotnet\sdk\10.0.103\Microsoft.Common.CurrentVersion.targets(5381,5): warning MSB3026: Nie mo┼╝na skopiowa─ç ÔÇ×C:\Users\skalm\C#Project\c#NewVer\Projekt_CSharp\lab09\obj\Debug\net10.0\apphost.exeÔÇŁ do ÔÇ×bin\Debug\net10.0\lab09.exeÔÇŁ. Ponowna pr├│ba 10 za 1000 ms. The process cannot access the file 'C:\Users\skalm\C#Project\c#NewVer\Projekt_CSharp\lab09\bin\Debug\net10.0\lab09.exe' because it is being used by another process. Plik jest zablokowany przez: ÔÇ×lab09 (154636)ÔÇŁ [C:\Users\skalm\C#Project\c#NewVer\Projekt_CSharp\lab09\lab09.csproj]
C:\Program Files\dotnet\sdk\10.0.103\Microsoft.Common.CurrentVersion.targets(5381,5): error MSB3027: Nie mo┼╝na skopiowa─ç ÔÇ×C:\Users\skalm\C#Project\c#NewVer\Projekt_CSharp\lab09\obj\Debug\net10.0\apphost.exeÔÇŁ do ÔÇ×bin\Debug\net10.0\lab09.exeÔÇŁ. Przekroczono liczb─Ö ponownych pr├│b 10. Niepowodzenie. Plik jest zablokowany przez: ÔÇ×lab09 (154636)ÔÇŁ [C:\Users\skalm\C#Project\c#NewVer\Projekt_CSharp\lab09\lab09.csproj]
C:\Program Files\dotnet\sdk\10.0.103\Microsoft.Common.CurrentVersion.targets(5381,5): error MSB3021: Nie mo┼╝na skopiowa─ç pliku ÔÇ×C:\Users\skalm\C#Project\c#NewVer\Projekt_CSharp\lab09\obj\Debug\net10.0\apphost.exeÔÇŁ do ÔÇ×bin\Debug\net10.0\lab09.exeÔÇŁ. The process cannot access the file 'C:\Users\skalm\C#Project\c#NewVer\Projekt_CSharp\lab09\bin\Debug\net10.0\lab09.exe' because it is being used by another process. [C:\Users\skalm\C#Project\c#NewVer\Projekt_CSharp\lab09\lab09.csproj]

Kompilacja NIE POWIOD┼üA SI─ś.

C:\Program Files\dotnet\sdk\10.0.103\Microsoft.Common.CurrentVersion.targets(5381,5): warning MSB3026: Nie mo┼╝na skopiowa─ç ÔÇ×C:\Users\skalm\C#Project\c#NewVer\Projekt_CSharp\lab09\obj\Debug\net10.0\apphost.exeÔÇŁ do ÔÇ×bin\Debug\net10.0\lab09.exeÔÇŁ. Ponowna pr├│ba 1 za 1000 ms. The process cannot access the file 'C:\Users\skalm\C#Project\c#NewVer\Projekt_CSharp\lab09\bin\Debug\net10.0\lab09.exe' because it is being used by another process. Plik jest zablokowany przez: ÔÇ×lab09 (154636)ÔÇŁ [C:\Users\skalm\C#Project\c#NewVer\Projekt_CSharp\lab09\lab09.csproj]
C:\Program Files\dotnet\sdk\10.0.103\Microsoft.Common.CurrentVersion.targets(5381,5): warning MSB3026: Nie mo┼╝na skopiowa─ç ÔÇ×C:\Users\skalm\C#Project\c#NewVer\Projekt_CSharp\lab09\obj\Debug\net10.0\apphost.exeÔÇŁ do ÔÇ×bin\Debug\net10.0\lab09.exeÔÇŁ. Ponowna pr├│ba 2 za 1000 ms. The process cannot access the file 'C:\Users\skalm\C#Project\c#NewVer\Projekt_CSharp\lab09\bin\Debug\net10.0\lab09.exe' because it is being used by another process. Plik jest zablokowany przez: ÔÇ×lab09 (154636)ÔÇŁ [C:\Users\skalm\C#Project\c#NewVer\Projekt_CSharp\lab09\lab09.csproj]
C:\Program Files\dotnet\sdk\10.0.103\Microsoft.Common.CurrentVersion.targets(5381,5): warning MSB3026: Nie mo┼╝na skopiowa─ç ÔÇ×C:\Users\skalm\C#Project\c#NewVer\Projekt_CSharp\lab09\obj\Debug\net10.0\apphost.exeÔÇŁ do ÔÇ×bin\Debug\net10.0\lab09.exeÔÇŁ. Ponowna pr├│ba 3 za 1000 ms. The process cannot access the file 'C:\Users\skalm\C#Project\c#NewVer\Projekt_CSharp\lab09\bin\Debug\net10.0\lab09.exe' because it is being used by another process. Plik jest zablokowany przez: ÔÇ×lab09 (154636)ÔÇŁ [C:\Users\skalm\C#Project\c#NewVer\Projekt_CSharp\lab09\lab09.csproj]
C:\Program Files\dotnet\sdk\10.0.103\Microsoft.Common.CurrentVersion.targets(5381,5): warning MSB3026: Nie mo┼╝na skopiowa─ç ÔÇ×C:\Users\skalm\C#Project\c#NewVer\Projekt_CSharp\lab09\obj\Debug\net10.0\apphost.exeÔÇŁ do ÔÇ×bin\Debug\net10.0\lab09.exeÔÇŁ. Ponowna pr├│ba 4 za 1000 ms. The process cannot access the file 'C:\Users\skalm\C#Project\c#NewVer\Projekt_CSharp\lab09\bin\Debug\net10.0\lab09.exe' because it is being used by another process. Plik jest zablokowany przez: ÔÇ×lab09 (154636)ÔÇŁ [C:\Users\skalm\C#Project\c#NewVer\Projekt_CSharp\lab09\lab09.csproj]
C:\Program Files\dotnet\sdk\10.0.103\Microsoft.Common.CurrentVersion.targets(5381,5): warning MSB3026: Nie mo┼╝na skopiowa─ç ÔÇ×C:\Users\skalm\C#Project\c#NewVer\Projekt_CSharp\lab09\obj\Debug\net10.0\apphost.exeÔÇŁ do ÔÇ×bin\Debug\net10.0\lab09.exeÔÇŁ. Ponowna pr├│ba 5 za 1000 ms. The process cannot access the file 'C:\Users\skalm\C#Project\c#NewVer\Projekt_CSharp\lab09\bin\Debug\net10.0\lab09.exe' because it is being used by another process. Plik jest zablokowany przez: ÔÇ×lab09 (154636)ÔÇŁ [C:\Users\skalm\C#Project\c#NewVer\Projekt_CSharp\lab09\lab09.csproj]
C:\Program Files\dotnet\sdk\10.0.103\Microsoft.Common.CurrentVersion.targets(5381,5): warning MSB3026: Nie mo┼╝na skopiowa─ç ÔÇ×C:\Users\skalm\C#Project\c#NewVer\Projekt_CSharp\lab09\obj\Debug\net10.0\apphost.exeÔÇŁ do ÔÇ×bin\Debug\net10.0\lab09.exeÔÇŁ. Ponowna pr├│ba 6 za 1000 ms. The process cannot access the file 'C:\Users\skalm\C#Project\c#NewVer\Projekt_CSharp\lab09\bin\Debug\net10.0\lab09.exe' because it is being used by another process. Plik jest zablokowany przez: ÔÇ×lab09 (154636)ÔÇŁ [C:\Users\skalm\C#Project\c#NewVer\Projekt_CSharp\lab09\lab09.csproj]
C:\Program Files\dotnet\sdk\10.0.103\Microsoft.Common.CurrentVersion.targets(5381,5): warning MSB3026: Nie mo┼╝na skopiowa─ç ÔÇ×C:\Users\skalm\C#Project\c#NewVer\Projekt_CSharp\lab09\obj\Debug\net10.0\apphost.exeÔÇŁ do ÔÇ×bin\Debug\net10.0\lab09.exeÔÇŁ. Ponowna pr├│ba 7 za 1000 ms. The process cannot access the file 'C:\Users\skalm\C#Project\c#NewVer\Projekt_CSharp\lab09\bin\Debug\net10.0\lab09.exe' because it is being used by another process. Plik jest zablokowany przez: ÔÇ×lab09 (154636)ÔÇŁ [C:\Users\skalm\C#Project\c#NewVer\Projekt_CSharp\lab09\lab09.csproj]
C:\Program Files\dotnet\sdk\10.0.103\Microsoft.Common.CurrentVersion.targets(5381,5): warning MSB3026: Nie mo┼╝na skopiowa─ç ÔÇ×C:\Users\skalm\C#Project\c#NewVer\Projekt_CSharp\lab09\obj\Debug\net10.0\apphost.exeÔÇŁ do ÔÇ×bin\Debug\net10.0\lab09.exeÔÇŁ. Ponowna pr├│ba 8 za 1000 ms. The process cannot access the file 'C:\Users\skalm\C#Project\c#NewVer\Projekt_CSharp\lab09\bin\Debug\net10.0\lab09.exe' because it is being used by another process. Plik jest zablokowany przez: ÔÇ×lab09 (154636)ÔÇŁ [C:\Users\skalm\C#Project\c#NewVer\Projekt_CSharp\lab09\lab09.csproj]
C:\Program Files\dotnet\sdk\10.0.103\Microsoft.Common.CurrentVersion.targets(5381,5): warning MSB3026: Nie mo┼╝na skopiowa─ç ÔÇ×C:\Users\skalm\C#Project\c#NewVer\Projekt_CSharp\lab09\obj\Debug\net10.0\apphost.exeÔÇŁ do ÔÇ×bin\Debug\net10.0\lab09.exeÔÇŁ. Ponowna pr├│ba 9 za 1000 ms. The process cannot access the file 'C:\Users\skalm\C#Project\c#NewVer\Projekt_CSharp\lab09\bin\Debug\net10.0\lab09.exe' because it is being used by another process. Plik jest zablokowany przez: ÔÇ×lab09 (154636)ÔÇŁ [C:\Users\skalm\C#Project\c#NewVer\Projekt_CSharp\lab09\lab09.csproj]
C:\Program Files\dotnet\sdk\10.0.103\Microsoft.Common.CurrentVersion.targets(5381,5): warning MSB3026: Nie mo┼╝na skopiowa─ç ÔÇ×C:\Users\skalm\C#Project\c#NewVer\Projekt_CSharp\lab09\obj\Debug\net10.0\apphost.exeÔÇŁ do ÔÇ×bin\Debug\net10.0\lab09.exeÔÇŁ. Ponowna pr├│ba 10 za 1000 ms. The process cannot access the file 'C:\Users\skalm\C#Project\c#NewVer\Projekt_CSharp\lab09\bin\Debug\net10.0\lab09.exe' because it is being used by another process. Plik jest zablokowany przez: ÔÇ×lab09 (154636)ÔÇŁ [C:\Users\skalm\C#Project\c#NewVer\Projekt_CSharp\lab09\lab09.csproj]
C:\Program Files\dotnet\sdk\10.0.103\Microsoft.Common.CurrentVersion.targets(5381,5): error MSB3027: Nie mo┼╝na skopiowa─ç ÔÇ×C:\Users\skalm\C#Project\c#NewVer\Projekt_CSharp\lab09\obj\Debug\net10.0\apphost.exeÔÇŁ do ÔÇ×bin\Debug\net10.0\lab09.exeÔÇŁ. Przekroczono liczb─Ö ponownych pr├│b 10. Niepowodzenie. Plik jest zablokowany przez: ÔÇ×lab09 (154636)ÔÇŁ [C:\Users\skalm\C#Project\c#NewVer\Projekt_CSharp\lab09\lab09.csproj]
C:\Program Files\dotnet\sdk\10.0.103\Microsoft.Common.CurrentVersion.targets(5381,5): error MSB3021: Nie mo┼╝na skopiowa─ç pliku ÔÇ×C:\Users\skalm\C#Project\c#NewVer\Projekt_CSharp\lab09\obj\Debug\net10.0\apphost.exeÔÇŁ do ÔÇ×bin\Debug\net10.0\lab09.exeÔÇŁ. The process cannot access the file 'C:\Users\skalm\C#Project\c#NewVer\Projekt_CSharp\lab09\bin\Debug\net10.0\lab09.exe' because it is being used by another process. [C:\Users\skalm\C#Project\c#NewVer\Projekt_CSharp\lab09\lab09.csproj]
    Ostrze┼╝enia: 10
    Liczba b┼é─Öd├│w: 2

Czas, kt├│ry up┼éyn─ů┼é: 00:00:14.04
